// Jest Snapshot v1, https://goo.gl/fbAQLP

exports[`<Sidebar /> tests Should render correctly 1`] = `
<aside
  className="sc-ifAKCX fYquXR"
>
  <form
    className="sc-bdVaJa fUGKAz"
    onSubmit={[Function]}
  >
    <h2>
      Filter by:
    </h2>
    <h3>
      Types
    </h3>
    <div
      className="sc-bwzfXH gTUROU"
    >
      <div>
        <input
          checked={false}
          id="normal"
          name="types.normal"
          onBlur={[Function]}
          onChange={[Function]}
          onDragStart={[Function]}
          onDrop={[Function]}
          onFocus={[Function]}
          type="checkbox"
          value=""
        />
        <label
          className="sc-htpNat eWCEFP"
          htmlFor="normal"
        >
          normal
        </label>
      </div>
      <div>
        <input
          checked={false}
          id="fighting"
          name="types.fighting"
          onBlur={[Function]}
          onChange={[Function]}
          onDragStart={[Function]}
          onDrop={[Function]}
          onFocus={[Function]}
          type="checkbox"
          value=""
        />
        <label
          className="sc-htpNat eWCEFP"
          htmlFor="fighting"
        >
          fighting
        </label>
      </div>
      <div>
        <input
          checked={false}
          id="flying"
          name="types.flying"
          onBlur={[Function]}
          onChange={[Function]}
          onDragStart={[Function]}
          onDrop={[Function]}
          onFocus={[Function]}
          type="checkbox"
          value=""
        />
        <label
          className="sc-htpNat eWCEFP"
          htmlFor="flying"
        >
          flying
        </label>
      </div>
      <div>
        <input
          checked={false}
          id="poison"
          name="types.poison"
          onBlur={[Function]}
          onChange={[Function]}
          onDragStart={[Function]}
          onDrop={[Function]}
          onFocus={[Function]}
          type="checkbox"
          value=""
        />
        <label
          className="sc-htpNat eWCEFP"
          htmlFor="poison"
        >
          poison
        </label>
      </div>
      <div>
        <input
          checked={false}
          id="ground"
          name="types.ground"
          onBlur={[Function]}
          onChange={[Function]}
          onDragStart={[Function]}
          onDrop={[Function]}
          onFocus={[Function]}
          type="checkbox"
          value=""
        />
        <label
          className="sc-htpNat eWCEFP"
          htmlFor="ground"
        >
          ground
        </label>
      </div>
      <div>
        <input
          checked={false}
          id="rock"
          name="types.rock"
          onBlur={[Function]}
          onChange={[Function]}
          onDragStart={[Function]}
          onDrop={[Function]}
          onFocus={[Function]}
          type="checkbox"
          value=""
        />
        <label
          className="sc-htpNat eWCEFP"
          htmlFor="rock"
        >
          rock
        </label>
      </div>
      <div>
        <input
          checked={false}
          id="bug"
          name="types.bug"
          onBlur={[Function]}
          onChange={[Function]}
          onDragStart={[Function]}
          onDrop={[Function]}
          onFocus={[Function]}
          type="checkbox"
          value=""
        />
        <label
          className="sc-htpNat eWCEFP"
          htmlFor="bug"
        >
          bug
        </label>
      </div>
      <div>
        <input
          checked={false}
          id="ghost"
          name="types.ghost"
          onBlur={[Function]}
          onChange={[Function]}
          onDragStart={[Function]}
          onDrop={[Function]}
          onFocus={[Function]}
          type="checkbox"
          value=""
        />
        <label
          className="sc-htpNat eWCEFP"
          htmlFor="ghost"
        >
          ghost
        </label>
      </div>
      <div>
        <input
          checked={false}
          id="steel"
          name="types.steel"
          onBlur={[Function]}
          onChange={[Function]}
          onDragStart={[Function]}
          onDrop={[Function]}
          onFocus={[Function]}
          type="checkbox"
          value=""
        />
        <label
          className="sc-htpNat eWCEFP"
          htmlFor="steel"
        >
          steel
        </label>
      </div>
      <div>
        <input
          checked={false}
          id="fire"
          name="types.fire"
          onBlur={[Function]}
          onChange={[Function]}
          onDragStart={[Function]}
          onDrop={[Function]}
          onFocus={[Function]}
          type="checkbox"
          value=""
        />
        <label
          className="sc-htpNat eWCEFP"
          htmlFor="fire"
        >
          fire
        </label>
      </div>
      <div>
        <input
          checked={false}
          id="water"
          name="types.water"
          onBlur={[Function]}
          onChange={[Function]}
          onDragStart={[Function]}
          onDrop={[Function]}
          onFocus={[Function]}
          type="checkbox"
          value=""
        />
        <label
          className="sc-htpNat eWCEFP"
          htmlFor="water"
        >
          water
        </label>
      </div>
      <div>
        <input
          checked={false}
          id="grass"
          name="types.grass"
          onBlur={[Function]}
          onChange={[Function]}
          onDragStart={[Function]}
          onDrop={[Function]}
          onFocus={[Function]}
          type="checkbox"
          value=""
        />
        <label
          className="sc-htpNat eWCEFP"
          htmlFor="grass"
        >
          grass
        </label>
      </div>
      <div>
        <input
          checked={false}
          id="electric"
          name="types.electric"
          onBlur={[Function]}
          onChange={[Function]}
          onDragStart={[Function]}
          onDrop={[Function]}
          onFocus={[Function]}
          type="checkbox"
          value=""
        />
        <label
          className="sc-htpNat eWCEFP"
          htmlFor="electric"
        >
          electric
        </label>
      </div>
      <div>
        <input
          checked={false}
          id="psychic"
          name="types.psychic"
          onBlur={[Function]}
          onChange={[Function]}
          onDragStart={[Function]}
          onDrop={[Function]}
          onFocus={[Function]}
          type="checkbox"
          value=""
        />
        <label
          className="sc-htpNat eWCEFP"
          htmlFor="psychic"
        >
          psychic
        </label>
      </div>
      <div>
        <input
          checked={false}
          id="ice"
          name="types.ice"
          onBlur={[Function]}
          onChange={[Function]}
          onDragStart={[Function]}
          onDrop={[Function]}
          onFocus={[Function]}
          type="checkbox"
          value=""
        />
        <label
          className="sc-htpNat eWCEFP"
          htmlFor="ice"
        >
          ice
        </label>
      </div>
      <div>
        <input
          checked={false}
          id="dragon"
          name="types.dragon"
          onBlur={[Function]}
          onChange={[Function]}
          onDragStart={[Function]}
          onDrop={[Function]}
          onFocus={[Function]}
          type="checkbox"
          value=""
        />
        <label
          className="sc-htpNat eWCEFP"
          htmlFor="dragon"
        >
          dragon
        </label>
      </div>
      <div>
        <input
          checked={false}
          id="fairy"
          name="types.fairy"
          onBlur={[Function]}
          onChange={[Function]}
          onDragStart={[Function]}
          onDrop={[Function]}
          onFocus={[Function]}
          type="checkbox"
          value=""
        />
        <label
          className="sc-htpNat eWCEFP"
          htmlFor="fairy"
        >
          fairy
        </label>
      </div>
    </div>
    <h3>
      Evolution levels
    </h3>
    <div
      className="sc-bwzfXH gTUROU"
    >
      <div>
        <input
          checked={false}
          id="1"
          name="evoLevels.1"
          onBlur={[Function]}
          onChange={[Function]}
          onDragStart={[Function]}
          onDrop={[Function]}
          onFocus={[Function]}
          type="checkbox"
          value=""
        />
        <label
          className="sc-htpNat eWCEFP"
          htmlFor="1"
        >
          1
        </label>
      </div>
      <div>
        <input
          checked={false}
          id="2"
          name="evoLevels.2"
          onBlur={[Function]}
          onChange={[Function]}
          onDragStart={[Function]}
          onDrop={[Function]}
          onFocus={[Function]}
          type="checkbox"
          value=""
        />
        <label
          className="sc-htpNat eWCEFP"
          htmlFor="2"
        >
          2
        </label>
      </div>
      <div>
        <input
          checked={false}
          id="3"
          name="evoLevels.3"
          onBlur={[Function]}
          onChange={[Function]}
          onDragStart={[Function]}
          onDrop={[Function]}
          onFocus={[Function]}
          type="checkbox"
          value=""
        />
        <label
          className="sc-htpNat eWCEFP"
          htmlFor="3"
        >
          3
        </label>
      </div>
      <div>
        <input
          checked={false}
          id="4"
          name="evoLevels.4"
          onBlur={[Function]}
          onChange={[Function]}
          onDragStart={[Function]}
          onDrop={[Function]}
          onFocus={[Function]}
          type="checkbox"
          value=""
        />
        <label
          className="sc-htpNat eWCEFP"
          htmlFor="4"
        >
          4
        </label>
      </div>
    </div>
    <button
      className="sc-bxivhb jAoLPd"
      type="submit"
    >
      filter
    </button>
  </form>
</aside>
`;
