// Jest Snapshot v1, https://goo.gl/fbAQLP

exports[`<Home /> tests Should render correctly if searchParams prop is not provided 1`] = `
<div
  className="sc-bdVaJa lbcdeK"
>
  <main
    className="sc-bwzfXH dZFoTS"
  />
  <aside
    className="sc-kAzzGY ivlbmQ"
  >
    <form
      className="sc-jTzLTM bgkoDW"
      onSubmit={[Function]}
    >
      <h2>
        Filter by:
      </h2>
      <h3>
        Types
      </h3>
      <div
        className="sc-fjdhpX jtggXG"
      >
        <div>
          <input
            checked={false}
            id="normal"
            name="types.normal"
            onBlur={[Function]}
            onChange={[Function]}
            onDragStart={[Function]}
            onDrop={[Function]}
            onFocus={[Function]}
            type="checkbox"
            value=""
          />
          <label
            className="sc-jzJRlG kYjAMg"
            htmlFor="normal"
          >
            normal
          </label>
        </div>
        <div>
          <input
            checked={false}
            id="fighting"
            name="types.fighting"
            onBlur={[Function]}
            onChange={[Function]}
            onDragStart={[Function]}
            onDrop={[Function]}
            onFocus={[Function]}
            type="checkbox"
            value=""
          />
          <label
            className="sc-jzJRlG kYjAMg"
            htmlFor="fighting"
          >
            fighting
          </label>
        </div>
        <div>
          <input
            checked={false}
            id="flying"
            name="types.flying"
            onBlur={[Function]}
            onChange={[Function]}
            onDragStart={[Function]}
            onDrop={[Function]}
            onFocus={[Function]}
            type="checkbox"
            value=""
          />
          <label
            className="sc-jzJRlG kYjAMg"
            htmlFor="flying"
          >
            flying
          </label>
        </div>
        <div>
          <input
            checked={false}
            id="poison"
            name="types.poison"
            onBlur={[Function]}
            onChange={[Function]}
            onDragStart={[Function]}
            onDrop={[Function]}
            onFocus={[Function]}
            type="checkbox"
            value=""
          />
          <label
            className="sc-jzJRlG kYjAMg"
            htmlFor="poison"
          >
            poison
          </label>
        </div>
        <div>
          <input
            checked={false}
            id="ground"
            name="types.ground"
            onBlur={[Function]}
            onChange={[Function]}
            onDragStart={[Function]}
            onDrop={[Function]}
            onFocus={[Function]}
            type="checkbox"
            value=""
          />
          <label
            className="sc-jzJRlG kYjAMg"
            htmlFor="ground"
          >
            ground
          </label>
        </div>
        <div>
          <input
            checked={false}
            id="rock"
            name="types.rock"
            onBlur={[Function]}
            onChange={[Function]}
            onDragStart={[Function]}
            onDrop={[Function]}
            onFocus={[Function]}
            type="checkbox"
            value=""
          />
          <label
            className="sc-jzJRlG kYjAMg"
            htmlFor="rock"
          >
            rock
          </label>
        </div>
        <div>
          <input
            checked={false}
            id="bug"
            name="types.bug"
            onBlur={[Function]}
            onChange={[Function]}
            onDragStart={[Function]}
            onDrop={[Function]}
            onFocus={[Function]}
            type="checkbox"
            value=""
          />
          <label
            className="sc-jzJRlG kYjAMg"
            htmlFor="bug"
          >
            bug
          </label>
        </div>
        <div>
          <input
            checked={false}
            id="ghost"
            name="types.ghost"
            onBlur={[Function]}
            onChange={[Function]}
            onDragStart={[Function]}
            onDrop={[Function]}
            onFocus={[Function]}
            type="checkbox"
            value=""
          />
          <label
            className="sc-jzJRlG kYjAMg"
            htmlFor="ghost"
          >
            ghost
          </label>
        </div>
        <div>
          <input
            checked={false}
            id="steel"
            name="types.steel"
            onBlur={[Function]}
            onChange={[Function]}
            onDragStart={[Function]}
            onDrop={[Function]}
            onFocus={[Function]}
            type="checkbox"
            value=""
          />
          <label
            className="sc-jzJRlG kYjAMg"
            htmlFor="steel"
          >
            steel
          </label>
        </div>
        <div>
          <input
            checked={false}
            id="fire"
            name="types.fire"
            onBlur={[Function]}
            onChange={[Function]}
            onDragStart={[Function]}
            onDrop={[Function]}
            onFocus={[Function]}
            type="checkbox"
            value=""
          />
          <label
            className="sc-jzJRlG kYjAMg"
            htmlFor="fire"
          >
            fire
          </label>
        </div>
        <div>
          <input
            checked={false}
            id="water"
            name="types.water"
            onBlur={[Function]}
            onChange={[Function]}
            onDragStart={[Function]}
            onDrop={[Function]}
            onFocus={[Function]}
            type="checkbox"
            value=""
          />
          <label
            className="sc-jzJRlG kYjAMg"
            htmlFor="water"
          >
            water
          </label>
        </div>
        <div>
          <input
            checked={false}
            id="grass"
            name="types.grass"
            onBlur={[Function]}
            onChange={[Function]}
            onDragStart={[Function]}
            onDrop={[Function]}
            onFocus={[Function]}
            type="checkbox"
            value=""
          />
          <label
            className="sc-jzJRlG kYjAMg"
            htmlFor="grass"
          >
            grass
          </label>
        </div>
        <div>
          <input
            checked={false}
            id="electric"
            name="types.electric"
            onBlur={[Function]}
            onChange={[Function]}
            onDragStart={[Function]}
            onDrop={[Function]}
            onFocus={[Function]}
            type="checkbox"
            value=""
          />
          <label
            className="sc-jzJRlG kYjAMg"
            htmlFor="electric"
          >
            electric
          </label>
        </div>
        <div>
          <input
            checked={false}
            id="psychic"
            name="types.psychic"
            onBlur={[Function]}
            onChange={[Function]}
            onDragStart={[Function]}
            onDrop={[Function]}
            onFocus={[Function]}
            type="checkbox"
            value=""
          />
          <label
            className="sc-jzJRlG kYjAMg"
            htmlFor="psychic"
          >
            psychic
          </label>
        </div>
        <div>
          <input
            checked={false}
            id="ice"
            name="types.ice"
            onBlur={[Function]}
            onChange={[Function]}
            onDragStart={[Function]}
            onDrop={[Function]}
            onFocus={[Function]}
            type="checkbox"
            value=""
          />
          <label
            className="sc-jzJRlG kYjAMg"
            htmlFor="ice"
          >
            ice
          </label>
        </div>
        <div>
          <input
            checked={false}
            id="dragon"
            name="types.dragon"
            onBlur={[Function]}
            onChange={[Function]}
            onDragStart={[Function]}
            onDrop={[Function]}
            onFocus={[Function]}
            type="checkbox"
            value=""
          />
          <label
            className="sc-jzJRlG kYjAMg"
            htmlFor="dragon"
          >
            dragon
          </label>
        </div>
        <div>
          <input
            checked={false}
            id="fairy"
            name="types.fairy"
            onBlur={[Function]}
            onChange={[Function]}
            onDragStart={[Function]}
            onDrop={[Function]}
            onFocus={[Function]}
            type="checkbox"
            value=""
          />
          <label
            className="sc-jzJRlG kYjAMg"
            htmlFor="fairy"
          >
            fairy
          </label>
        </div>
      </div>
      <h3>
        Evolution levels
      </h3>
      <div
        className="sc-fjdhpX jtggXG"
      >
        <div>
          <input
            checked={false}
            id={1}
            name="evoLevels.1"
            onBlur={[Function]}
            onChange={[Function]}
            onDragStart={[Function]}
            onDrop={[Function]}
            onFocus={[Function]}
            type="checkbox"
            value=""
          />
          <label
            className="sc-jzJRlG kYjAMg"
            htmlFor={1}
          >
            1
          </label>
        </div>
        <div>
          <input
            checked={false}
            id={2}
            name="evoLevels.2"
            onBlur={[Function]}
            onChange={[Function]}
            onDragStart={[Function]}
            onDrop={[Function]}
            onFocus={[Function]}
            type="checkbox"
            value=""
          />
          <label
            className="sc-jzJRlG kYjAMg"
            htmlFor={2}
          >
            2
          </label>
        </div>
        <div>
          <input
            checked={false}
            id={3}
            name="evoLevels.3"
            onBlur={[Function]}
            onChange={[Function]}
            onDragStart={[Function]}
            onDrop={[Function]}
            onFocus={[Function]}
            type="checkbox"
            value=""
          />
          <label
            className="sc-jzJRlG kYjAMg"
            htmlFor={3}
          >
            3
          </label>
        </div>
        <div>
          <input
            checked={false}
            id={4}
            name="evoLevels.4"
            onBlur={[Function]}
            onChange={[Function]}
            onDragStart={[Function]}
            onDrop={[Function]}
            onFocus={[Function]}
            type="checkbox"
            value=""
          />
          <label
            className="sc-jzJRlG kYjAMg"
            htmlFor={4}
          >
            4
          </label>
        </div>
      </div>
      <button
        className="sc-cSHVUG jLBIff"
        type="submit"
      >
        filter
      </button>
    </form>
  </aside>
</div>
`;

exports[`<Home /> tests Should render with pagination 1`] = `
<div
  className="sc-bdVaJa lbcdeK"
>
  <main
    className="sc-bwzfXH dZFoTS"
  />
  <aside
    className="sc-kAzzGY ivlbmQ"
  >
    <form
      className="sc-jTzLTM bgkoDW"
      onSubmit={[Function]}
    >
      <h2>
        Filter by:
      </h2>
      <h3>
        Types
      </h3>
      <div
        className="sc-fjdhpX jtggXG"
      >
        <div>
          <input
            checked={false}
            id="normal"
            name="types.normal"
            onBlur={[Function]}
            onChange={[Function]}
            onDragStart={[Function]}
            onDrop={[Function]}
            onFocus={[Function]}
            type="checkbox"
            value=""
          />
          <label
            className="sc-jzJRlG kYjAMg"
            htmlFor="normal"
          >
            normal
          </label>
        </div>
        <div>
          <input
            checked={false}
            id="fighting"
            name="types.fighting"
            onBlur={[Function]}
            onChange={[Function]}
            onDragStart={[Function]}
            onDrop={[Function]}
            onFocus={[Function]}
            type="checkbox"
            value=""
          />
          <label
            className="sc-jzJRlG kYjAMg"
            htmlFor="fighting"
          >
            fighting
          </label>
        </div>
        <div>
          <input
            checked={false}
            id="flying"
            name="types.flying"
            onBlur={[Function]}
            onChange={[Function]}
            onDragStart={[Function]}
            onDrop={[Function]}
            onFocus={[Function]}
            type="checkbox"
            value=""
          />
          <label
            className="sc-jzJRlG kYjAMg"
            htmlFor="flying"
          >
            flying
          </label>
        </div>
        <div>
          <input
            checked={false}
            id="poison"
            name="types.poison"
            onBlur={[Function]}
            onChange={[Function]}
            onDragStart={[Function]}
            onDrop={[Function]}
            onFocus={[Function]}
            type="checkbox"
            value=""
          />
          <label
            className="sc-jzJRlG kYjAMg"
            htmlFor="poison"
          >
            poison
          </label>
        </div>
        <div>
          <input
            checked={false}
            id="ground"
            name="types.ground"
            onBlur={[Function]}
            onChange={[Function]}
            onDragStart={[Function]}
            onDrop={[Function]}
            onFocus={[Function]}
            type="checkbox"
            value=""
          />
          <label
            className="sc-jzJRlG kYjAMg"
            htmlFor="ground"
          >
            ground
          </label>
        </div>
        <div>
          <input
            checked={false}
            id="rock"
            name="types.rock"
            onBlur={[Function]}
            onChange={[Function]}
            onDragStart={[Function]}
            onDrop={[Function]}
            onFocus={[Function]}
            type="checkbox"
            value=""
          />
          <label
            className="sc-jzJRlG kYjAMg"
            htmlFor="rock"
          >
            rock
          </label>
        </div>
        <div>
          <input
            checked={false}
            id="bug"
            name="types.bug"
            onBlur={[Function]}
            onChange={[Function]}
            onDragStart={[Function]}
            onDrop={[Function]}
            onFocus={[Function]}
            type="checkbox"
            value=""
          />
          <label
            className="sc-jzJRlG kYjAMg"
            htmlFor="bug"
          >
            bug
          </label>
        </div>
        <div>
          <input
            checked={false}
            id="ghost"
            name="types.ghost"
            onBlur={[Function]}
            onChange={[Function]}
            onDragStart={[Function]}
            onDrop={[Function]}
            onFocus={[Function]}
            type="checkbox"
            value=""
          />
          <label
            className="sc-jzJRlG kYjAMg"
            htmlFor="ghost"
          >
            ghost
          </label>
        </div>
        <div>
          <input
            checked={false}
            id="steel"
            name="types.steel"
            onBlur={[Function]}
            onChange={[Function]}
            onDragStart={[Function]}
            onDrop={[Function]}
            onFocus={[Function]}
            type="checkbox"
            value=""
          />
          <label
            className="sc-jzJRlG kYjAMg"
            htmlFor="steel"
          >
            steel
          </label>
        </div>
        <div>
          <input
            checked={false}
            id="fire"
            name="types.fire"
            onBlur={[Function]}
            onChange={[Function]}
            onDragStart={[Function]}
            onDrop={[Function]}
            onFocus={[Function]}
            type="checkbox"
            value=""
          />
          <label
            className="sc-jzJRlG kYjAMg"
            htmlFor="fire"
          >
            fire
          </label>
        </div>
        <div>
          <input
            checked={false}
            id="water"
            name="types.water"
            onBlur={[Function]}
            onChange={[Function]}
            onDragStart={[Function]}
            onDrop={[Function]}
            onFocus={[Function]}
            type="checkbox"
            value=""
          />
          <label
            className="sc-jzJRlG kYjAMg"
            htmlFor="water"
          >
            water
          </label>
        </div>
        <div>
          <input
            checked={false}
            id="grass"
            name="types.grass"
            onBlur={[Function]}
            onChange={[Function]}
            onDragStart={[Function]}
            onDrop={[Function]}
            onFocus={[Function]}
            type="checkbox"
            value=""
          />
          <label
            className="sc-jzJRlG kYjAMg"
            htmlFor="grass"
          >
            grass
          </label>
        </div>
        <div>
          <input
            checked={false}
            id="electric"
            name="types.electric"
            onBlur={[Function]}
            onChange={[Function]}
            onDragStart={[Function]}
            onDrop={[Function]}
            onFocus={[Function]}
            type="checkbox"
            value=""
          />
          <label
            className="sc-jzJRlG kYjAMg"
            htmlFor="electric"
          >
            electric
          </label>
        </div>
        <div>
          <input
            checked={false}
            id="psychic"
            name="types.psychic"
            onBlur={[Function]}
            onChange={[Function]}
            onDragStart={[Function]}
            onDrop={[Function]}
            onFocus={[Function]}
            type="checkbox"
            value=""
          />
          <label
            className="sc-jzJRlG kYjAMg"
            htmlFor="psychic"
          >
            psychic
          </label>
        </div>
        <div>
          <input
            checked={false}
            id="ice"
            name="types.ice"
            onBlur={[Function]}
            onChange={[Function]}
            onDragStart={[Function]}
            onDrop={[Function]}
            onFocus={[Function]}
            type="checkbox"
            value=""
          />
          <label
            className="sc-jzJRlG kYjAMg"
            htmlFor="ice"
          >
            ice
          </label>
        </div>
        <div>
          <input
            checked={false}
            id="dragon"
            name="types.dragon"
            onBlur={[Function]}
            onChange={[Function]}
            onDragStart={[Function]}
            onDrop={[Function]}
            onFocus={[Function]}
            type="checkbox"
            value=""
          />
          <label
            className="sc-jzJRlG kYjAMg"
            htmlFor="dragon"
          >
            dragon
          </label>
        </div>
        <div>
          <input
            checked={false}
            id="fairy"
            name="types.fairy"
            onBlur={[Function]}
            onChange={[Function]}
            onDragStart={[Function]}
            onDrop={[Function]}
            onFocus={[Function]}
            type="checkbox"
            value=""
          />
          <label
            className="sc-jzJRlG kYjAMg"
            htmlFor="fairy"
          >
            fairy
          </label>
        </div>
      </div>
      <h3>
        Evolution levels
      </h3>
      <div
        className="sc-fjdhpX jtggXG"
      >
        <div>
          <input
            checked={false}
            id={1}
            name="evoLevels.1"
            onBlur={[Function]}
            onChange={[Function]}
            onDragStart={[Function]}
            onDrop={[Function]}
            onFocus={[Function]}
            type="checkbox"
            value=""
          />
          <label
            className="sc-jzJRlG kYjAMg"
            htmlFor={1}
          >
            1
          </label>
        </div>
        <div>
          <input
            checked={false}
            id={2}
            name="evoLevels.2"
            onBlur={[Function]}
            onChange={[Function]}
            onDragStart={[Function]}
            onDrop={[Function]}
            onFocus={[Function]}
            type="checkbox"
            value=""
          />
          <label
            className="sc-jzJRlG kYjAMg"
            htmlFor={2}
          >
            2
          </label>
        </div>
        <div>
          <input
            checked={false}
            id={3}
            name="evoLevels.3"
            onBlur={[Function]}
            onChange={[Function]}
            onDragStart={[Function]}
            onDrop={[Function]}
            onFocus={[Function]}
            type="checkbox"
            value=""
          />
          <label
            className="sc-jzJRlG kYjAMg"
            htmlFor={3}
          >
            3
          </label>
        </div>
        <div>
          <input
            checked={false}
            id={4}
            name="evoLevels.4"
            onBlur={[Function]}
            onChange={[Function]}
            onDragStart={[Function]}
            onDrop={[Function]}
            onFocus={[Function]}
            type="checkbox"
            value=""
          />
          <label
            className="sc-jzJRlG kYjAMg"
            htmlFor={4}
          >
            4
          </label>
        </div>
      </div>
      <button
        className="sc-cSHVUG jLBIff"
        type="submit"
      >
        filter
      </button>
    </form>
  </aside>
</div>
`;

exports[`<Home /> tests Should render without pagination 1`] = `
<div
  className="sc-bdVaJa lbcdeK"
>
  <main
    className="sc-bwzfXH dZFoTS"
  />
  <aside
    className="sc-kAzzGY ivlbmQ"
  >
    <form
      className="sc-jTzLTM bgkoDW"
      onSubmit={[Function]}
    >
      <h2>
        Filter by:
      </h2>
      <h3>
        Types
      </h3>
      <div
        className="sc-fjdhpX jtggXG"
      >
        <div>
          <input
            checked={false}
            id="normal"
            name="types.normal"
            onBlur={[Function]}
            onChange={[Function]}
            onDragStart={[Function]}
            onDrop={[Function]}
            onFocus={[Function]}
            type="checkbox"
            value=""
          />
          <label
            className="sc-jzJRlG kYjAMg"
            htmlFor="normal"
          >
            normal
          </label>
        </div>
        <div>
          <input
            checked={false}
            id="fighting"
            name="types.fighting"
            onBlur={[Function]}
            onChange={[Function]}
            onDragStart={[Function]}
            onDrop={[Function]}
            onFocus={[Function]}
            type="checkbox"
            value=""
          />
          <label
            className="sc-jzJRlG kYjAMg"
            htmlFor="fighting"
          >
            fighting
          </label>
        </div>
        <div>
          <input
            checked={false}
            id="flying"
            name="types.flying"
            onBlur={[Function]}
            onChange={[Function]}
            onDragStart={[Function]}
            onDrop={[Function]}
            onFocus={[Function]}
            type="checkbox"
            value=""
          />
          <label
            className="sc-jzJRlG kYjAMg"
            htmlFor="flying"
          >
            flying
          </label>
        </div>
        <div>
          <input
            checked={false}
            id="poison"
            name="types.poison"
            onBlur={[Function]}
            onChange={[Function]}
            onDragStart={[Function]}
            onDrop={[Function]}
            onFocus={[Function]}
            type="checkbox"
            value=""
          />
          <label
            className="sc-jzJRlG kYjAMg"
            htmlFor="poison"
          >
            poison
          </label>
        </div>
        <div>
          <input
            checked={false}
            id="ground"
            name="types.ground"
            onBlur={[Function]}
            onChange={[Function]}
            onDragStart={[Function]}
            onDrop={[Function]}
            onFocus={[Function]}
            type="checkbox"
            value=""
          />
          <label
            className="sc-jzJRlG kYjAMg"
            htmlFor="ground"
          >
            ground
          </label>
        </div>
        <div>
          <input
            checked={false}
            id="rock"
            name="types.rock"
            onBlur={[Function]}
            onChange={[Function]}
            onDragStart={[Function]}
            onDrop={[Function]}
            onFocus={[Function]}
            type="checkbox"
            value=""
          />
          <label
            className="sc-jzJRlG kYjAMg"
            htmlFor="rock"
          >
            rock
          </label>
        </div>
        <div>
          <input
            checked={false}
            id="bug"
            name="types.bug"
            onBlur={[Function]}
            onChange={[Function]}
            onDragStart={[Function]}
            onDrop={[Function]}
            onFocus={[Function]}
            type="checkbox"
            value=""
          />
          <label
            className="sc-jzJRlG kYjAMg"
            htmlFor="bug"
          >
            bug
          </label>
        </div>
        <div>
          <input
            checked={false}
            id="ghost"
            name="types.ghost"
            onBlur={[Function]}
            onChange={[Function]}
            onDragStart={[Function]}
            onDrop={[Function]}
            onFocus={[Function]}
            type="checkbox"
            value=""
          />
          <label
            className="sc-jzJRlG kYjAMg"
            htmlFor="ghost"
          >
            ghost
          </label>
        </div>
        <div>
          <input
            checked={false}
            id="steel"
            name="types.steel"
            onBlur={[Function]}
            onChange={[Function]}
            onDragStart={[Function]}
            onDrop={[Function]}
            onFocus={[Function]}
            type="checkbox"
            value=""
          />
          <label
            className="sc-jzJRlG kYjAMg"
            htmlFor="steel"
          >
            steel
          </label>
        </div>
        <div>
          <input
            checked={false}
            id="fire"
            name="types.fire"
            onBlur={[Function]}
            onChange={[Function]}
            onDragStart={[Function]}
            onDrop={[Function]}
            onFocus={[Function]}
            type="checkbox"
            value=""
          />
          <label
            className="sc-jzJRlG kYjAMg"
            htmlFor="fire"
          >
            fire
          </label>
        </div>
        <div>
          <input
            checked={false}
            id="water"
            name="types.water"
            onBlur={[Function]}
            onChange={[Function]}
            onDragStart={[Function]}
            onDrop={[Function]}
            onFocus={[Function]}
            type="checkbox"
            value=""
          />
          <label
            className="sc-jzJRlG kYjAMg"
            htmlFor="water"
          >
            water
          </label>
        </div>
        <div>
          <input
            checked={false}
            id="grass"
            name="types.grass"
            onBlur={[Function]}
            onChange={[Function]}
            onDragStart={[Function]}
            onDrop={[Function]}
            onFocus={[Function]}
            type="checkbox"
            value=""
          />
          <label
            className="sc-jzJRlG kYjAMg"
            htmlFor="grass"
          >
            grass
          </label>
        </div>
        <div>
          <input
            checked={false}
            id="electric"
            name="types.electric"
            onBlur={[Function]}
            onChange={[Function]}
            onDragStart={[Function]}
            onDrop={[Function]}
            onFocus={[Function]}
            type="checkbox"
            value=""
          />
          <label
            className="sc-jzJRlG kYjAMg"
            htmlFor="electric"
          >
            electric
          </label>
        </div>
        <div>
          <input
            checked={false}
            id="psychic"
            name="types.psychic"
            onBlur={[Function]}
            onChange={[Function]}
            onDragStart={[Function]}
            onDrop={[Function]}
            onFocus={[Function]}
            type="checkbox"
            value=""
          />
          <label
            className="sc-jzJRlG kYjAMg"
            htmlFor="psychic"
          >
            psychic
          </label>
        </div>
        <div>
          <input
            checked={false}
            id="ice"
            name="types.ice"
            onBlur={[Function]}
            onChange={[Function]}
            onDragStart={[Function]}
            onDrop={[Function]}
            onFocus={[Function]}
            type="checkbox"
            value=""
          />
          <label
            className="sc-jzJRlG kYjAMg"
            htmlFor="ice"
          >
            ice
          </label>
        </div>
        <div>
          <input
            checked={false}
            id="dragon"
            name="types.dragon"
            onBlur={[Function]}
            onChange={[Function]}
            onDragStart={[Function]}
            onDrop={[Function]}
            onFocus={[Function]}
            type="checkbox"
            value=""
          />
          <label
            className="sc-jzJRlG kYjAMg"
            htmlFor="dragon"
          >
            dragon
          </label>
        </div>
        <div>
          <input
            checked={false}
            id="fairy"
            name="types.fairy"
            onBlur={[Function]}
            onChange={[Function]}
            onDragStart={[Function]}
            onDrop={[Function]}
            onFocus={[Function]}
            type="checkbox"
            value=""
          />
          <label
            className="sc-jzJRlG kYjAMg"
            htmlFor="fairy"
          >
            fairy
          </label>
        </div>
      </div>
      <h3>
        Evolution levels
      </h3>
      <div
        className="sc-fjdhpX jtggXG"
      >
        <div>
          <input
            checked={false}
            id={1}
            name="evoLevels.1"
            onBlur={[Function]}
            onChange={[Function]}
            onDragStart={[Function]}
            onDrop={[Function]}
            onFocus={[Function]}
            type="checkbox"
            value=""
          />
          <label
            className="sc-jzJRlG kYjAMg"
            htmlFor={1}
          >
            1
          </label>
        </div>
        <div>
          <input
            checked={false}
            id={2}
            name="evoLevels.2"
            onBlur={[Function]}
            onChange={[Function]}
            onDragStart={[Function]}
            onDrop={[Function]}
            onFocus={[Function]}
            type="checkbox"
            value=""
          />
          <label
            className="sc-jzJRlG kYjAMg"
            htmlFor={2}
          >
            2
          </label>
        </div>
        <div>
          <input
            checked={false}
            id={3}
            name="evoLevels.3"
            onBlur={[Function]}
            onChange={[Function]}
            onDragStart={[Function]}
            onDrop={[Function]}
            onFocus={[Function]}
            type="checkbox"
            value=""
          />
          <label
            className="sc-jzJRlG kYjAMg"
            htmlFor={3}
          >
            3
          </label>
        </div>
        <div>
          <input
            checked={false}
            id={4}
            name="evoLevels.4"
            onBlur={[Function]}
            onChange={[Function]}
            onDragStart={[Function]}
            onDrop={[Function]}
            onFocus={[Function]}
            type="checkbox"
            value=""
          />
          <label
            className="sc-jzJRlG kYjAMg"
            htmlFor={4}
          >
            4
          </label>
        </div>
      </div>
      <button
        className="sc-cSHVUG jLBIff"
        type="submit"
      >
        filter
      </button>
    </form>
  </aside>
</div>
`;
